../Core/Src/main.c:90:5:main	32	static,ignoring_inline_asm
../Core/Src/main.c:158:6:SystemClock_Config	88	static
../Core/Src/main.c:204:13:MX_USART1_UART_Init	8	static
../Core/Src/main.c:237:13:MX_USART2_UART_Init	8	static
../Core/Src/main.c:270:13:MX_GPIO_Init	24	static
../Core/Src/main.c:295:6:startUARTtask	16	static
../Core/Src/main.c:319:6:startGPS	16	static
../Core/Src/main.c:344:6:startAppendMessage	64	static
../Core/Src/main.c:369:6:HAL_TIM_PeriodElapsedCallback	16	static
../Core/Src/main.c:386:6:Error_Handler	4	static,ignoring_inline_asm
